Microchip MPLAB XC8 Compiler V2.31

Linker command line:

-W-3 --edf=C:\Program Files\Microchip\xc8\v2.31\pic\dat\en_msgs.txt -cn \
  -h+dist/default/production\halloween.production.sym \
  --cmf=dist/default/production\halloween.production.cmf -z -Q16F627A \
  -oC:\Users\KANDER~1\AppData\Local\Temp\se48.2 --defsym=__MPLAB_BUILD=1 \
  -Mdist/default/production/halloween.production.map -E1 -ver=XC8 Compiler \
  --acfsm=1493 -ASTACK=0D7h-0EFh -pstack=STACK -ACODE=00h-03FFh \
  -ASTRCODE=00h-03FFh -ASTRING=00h-0FFhx4 -ACONST=00h-0FFhx4 \
  -AENTRY=00h-0FFhx4 -ACOMMON=070h-07Fh -ABANK0=020h-06Fh -ABANK1=0A0h-0EFh \
  -ABANK2=0120h-014Fh -ARAM=020h-06Fh,0A0h-0EFh,0120h-014Fh \
  -AABS1=020h-07Fh,0A0h-0EFh,0120h-014Fh -ASFR0=00h-01Fh -ASFR1=080h-09Fh \
  -ASFR2=0100h-011Fh -ASFR3=0180h-01EFh -ACONFIG=02007h-02007h -DCONFIG=2 \
  -AIDLOC=02000h-02003h -DIDLOC=2 -AEEDATA=00h-07Fh/02100h \
  -peeprom_data=EEDATA -DEEDATA=2 -DCODE=2 -DSTRCODE=2 -DSTRING=2 -DCONST=2 \
  -DENTRY=2 -preset_vec=00h,intentry=04h,init,end_init -ppowerup=CODE \
  -pcinit=CODE -pfunctab=ENTRY -k \
  C:\Users\KANDER~1\AppData\Local\Temp\se48.o \
  dist/default/production\halloween.production.o 

Object code version is 3.11

Machine type is 16F627A



                Name                               Link     Load   Length Selector   Space Scale
C:\Users\KANDER~1\AppData\Local\Temp\se48.o
                end_init                              A        A        1        8       0
                reset_vec                             0        0        1        0       0
                config                             2007     2007        1        0       4
dist/default/production\halloween.production.o
                cinit                                 B        B       24        8       0
                intentry                              4        4        6        8       0
                config                             2007     2007        1        0       4
                text4                               235      235        C        8       0
                text3                               1EA      1EA       19        8       0
                text2                               203      203       17        8       0
                text1                               229      229        C        8       0
                maintext                             2F       2F      10F        8       0
                cstackCOMMON                         70       70        6       70       1
                cstackBANK1                          D4       D4        3       A0       1
                inittext                            21A      21A        F        8       0
                dataBANK2                           120      120       2C      120       1
                dataBANK1                            A0       A0       34       A0       1
                dataBANK0                            20       20       4C       20       1
                bssBANK0                             6C       6C        2       20       1
                bssCOMMON                            76       76        3       70       1
                idataBANK2                          1BE      1BE       2C        8       0
                idataBANK1                          18A      18A       34        8       0
                idataBANK0                          13E      13E       4C        8       0

TOTAL           Name                               Link     Load   Length     Space
        CLASS   STACK          

        CLASS   CODE           
                end_init                              A        A        1         0
                cinit                                 B        B       24         0
                intentry                              4        4        6         0
                reset_vec                             0        0        1         0
                text4                               235      235        C         0
                text3                               1EA      1EA       19         0
                text2                               203      203       17         0
                text1                               229      229        C         0
                maintext                             2F       2F      10F         0
                inittext                            21A      21A        F         0
                idataBANK2                          1BE      1BE       2C         0
                idataBANK1                          18A      18A       34         0
                idataBANK0                          13E      13E       4C         0

        CLASS   STRCODE        

        CLASS   STRING         

        CLASS   CONST          

        CLASS   ENTRY          

        CLASS   COMMON         
                cstackCOMMON                         70       70        6         1
                bssCOMMON                            76       76        3         1

        CLASS   BANK0          
                dataBANK0                            20       20       4C         1
                bssBANK0                             6C       6C        2         1

        CLASS   BANK1          
                cstackBANK1                          D4       D4        3         1
                dataBANK1                            A0       A0       34         1

        CLASS   BANK2          
                dataBANK2                           120      120       2C         1

        CLASS   RAM            

        CLASS   ABS1           
                abs_s1                               7E       7E        2         1

        CLASS   SFR0           

        CLASS   SFR1           

        CLASS   SFR2           

        CLASS   SFR3           

        CLASS   CONFIG         
                config                             2007     2007        1         4

        CLASS   IDLOC          

        CLASS   EEDATA         

        CLASS   BANK3          



SEGMENTS        Name                           Load    Length   Top    Selector   Space  Class     Delta

                reset_vec                      000000  000001  000001         0       0  CODE        2
                intentry                       000004  00023D  000241         8       0  CODE        2
                dataBANK0                      000020  00004E  00006E        20       1  BANK0       1
                cstackCOMMON                   000070  000009  000079        70       1  COMMON      1
                dataBANK1                      0000A0  000037  0000D7        A0       1  BANK1       1
                dataBANK2                      000120  00002C  00014C       120       1  BANK2       1


UNUSED ADDRESS RANGES

        Name                Unused          Largest block    Delta
        BANK0            006E-006F              2           1
        BANK1            00D7-00EF             19           1
        BANK2            014C-014F              4           1
        CODE             0001-0003              3           2
                         0241-03FF            1BF
        COMMON           0079-007D              5           1
        CONST            0001-0003              3           2
                         0241-03FF             BF
        EEDATA           2100-217F             80           2
        ENTRY            0001-0003              3           2
                         0241-03FF             BF
        IDLOC            2000-2003              4           2
        RAM              006E-006F              2           1
                         00D7-00EF             19
                         014C-014F              4
        SFR0             0000-001F             20           1
        SFR1             0080-009F             20           1
        SFR2             0100-011F             20           1
        SFR3             0180-01EF             70           1
        STACK            00D7-00EF             19           1
        STRCODE          0001-0003              3           2
                         0241-03FF            1BF
        STRING           0001-0003              3           2
                         0241-03FF             BF

                                  Symbol Table

_CMCON                      (abs)        001F
_INTCONbits                 (abs)        000B
_OPTION_REGbits             (abs)        0081
_PORTA                      (abs)        0005
_PORTB                      (abs)        0006
_PORTBbits                  (abs)        0006
_TRISA                      (abs)        0085
_TRISB                      (abs)        0086
__Habs1                     abs1         0000
__Hbank0                    bank0        0000
__Hbank1                    bank1        0000
__Hbank2                    bank2        0000
__Hbank3                    bank3        0000
__HbssBANK0                 bssBANK0     0000
__HbssCOMMON                bssCOMMON    0000
__Hcinit                    cinit        002F
__Hclrtext                  clrtext      0000
__Hcode                     code         0000
__Hcommon                   common       0000
__Hconfig                   config       2008
__HcstackBANK1              cstackBANK1  0000
__HcstackCOMMON             cstackCOMMON 0000
__HdataBANK0                dataBANK0    0000
__HdataBANK1                dataBANK1    0000
__HdataBANK2                dataBANK2    0000
__Heeprom_data              eeprom_data  0000
__Hend_init                 end_init     000B
__Hfunctab                  functab      0000
__HidataBANK0               idataBANK0   0000
__HidataBANK1               idataBANK1   0000
__HidataBANK2               idataBANK2   0000
__Hinit                     init         000A
__Hinittext                 inittext     0000
__Hintentry                 intentry     000A
__Hmaintext                 maintext     0000
__Hpowerup                  powerup      0000
__Hram                      ram          0000
__Hreset_vec                reset_vec    0001
__Hsfr0                     sfr0         0000
__Hsfr1                     sfr1         0000
__Hsfr2                     sfr2         0000
__Hsfr3                     sfr3         0000
__Hspace_0                  (abs)        0241
__Hspace_1                  (abs)        014C
__Hspace_2                  (abs)        0000
__Hspace_3                  (abs)        0000
__Hspace_4                  (abs)        400F
__Hstack                    stack        0000
__Hstrings                  strings      0000
__Htext                     text         0000
__Labs1                     abs1         0000
__Lbank0                    bank0        0000
__Lbank1                    bank1        0000
__Lbank2                    bank2        0000
__Lbank3                    bank3        0000
__LbssBANK0                 bssBANK0     0000
__LbssCOMMON                bssCOMMON    0000
__Lcinit                    cinit        000B
__Lclrtext                  clrtext      0000
__Lcode                     code         0000
__Lcommon                   common       0000
__Lconfig                   config       0000
__LcstackBANK1              cstackBANK1  0000
__LcstackCOMMON             cstackCOMMON 0000
__LdataBANK0                dataBANK0    0000
__LdataBANK1                dataBANK1    0000
__LdataBANK2                dataBANK2    0000
__Leeprom_data              eeprom_data  0000
__Lend_init                 end_init     000A
__Lfunctab                  functab      0000
__LidataBANK0               idataBANK0   0000
__LidataBANK1               idataBANK1   0000
__LidataBANK2               idataBANK2   0000
__Linit                     init         000A
__Linittext                 inittext     0000
__Lintentry                 intentry     0004
__Lmaintext                 maintext     0000
__Lpowerup                  powerup      0000
__Lram                      ram          0000
__Lreset_vec                reset_vec    0000
__Lsfr0                     sfr0         0000
__Lsfr1                     sfr1         0000
__Lsfr2                     sfr2         0000
__Lsfr3                     sfr3         0000
__Lspace_0                  (abs)        0000
__Lspace_1                  (abs)        0000
__Lspace_2                  (abs)        0000
__Lspace_3                  (abs)        0000
__Lspace_4                  (abs)        0000
__Lstack                    stack        0000
__Lstrings                  strings      0000
__Ltext                     text         0000
__S0                        (abs)        0241
__S1                        (abs)        014C
__S2                        (abs)        0000
__S3                        (abs)        0000
___int_sp                   stack        0000
___latbits                  (abs)        0000
___sp                       stack        0000
___stackhi                  (abs)        0000
___stacklo                  (abs)        0000
__end_of__initialization    cinit        002D
__end_of_initialize_hw      text2        021A
__end_of_interrupt_handler  text3        0203
__end_of_main               maintext     013E
__end_of_switch_state       text1        0235
__end_ofi1_switch_state     text4        0241
__initialization            cinit        000B
__pbssBANK0                 bssBANK0     006C
__pbssCOMMON                bssCOMMON    0076
__pcstackBANK1              cstackBANK1  00D4
__pcstackCOMMON             cstackCOMMON 0070
__pdataBANK0                dataBANK0    0020
__pdataBANK1                dataBANK1    00A0
__pdataBANK2                dataBANK2    0120
__pidataBANK0               idataBANK0   013E
__pidataBANK1               idataBANK1   018A
__pidataBANK2               idataBANK2   01BE
__pintentry                 intentry     0004
__pmaintext                 maintext     002F
__ptext1                    text1        0229
__ptext2                    text2        0203
__ptext3                    text3        01EA
__ptext4                    text4        0235
__size_of_initialize_hw     (abs)        0000
__size_of_interrupt_handler (abs)        0000
__size_of_main              (abs)        0000
__size_of_switch_state      (abs)        0000
__size_ofi1_switch_state    (abs)        0000
_initialize_hw              text2        0203
_interrupt_handler          text3        01EA
_loop_count                 bssBANK0     006C
_main                       maintext     002F
_sequence_1                 dataBANK2    0120
_sequence_2                 dataBANK1    00A0
_sequence_3                 dataBANK0    0020
_sequence_count             bssCOMMON    0076
_state                      bssCOMMON    0078
_switch_state               text1        0229
btemp                       (abs)        007E
end_of_initialization       cinit        002D
i1_switch_state             text4        0235
i1switch_state@new_state    cstackCOMMON 0071
init_fetch0                 inittext     021A
init_ram0                   inittext     021E
interrupt_function          intentry     0004
intlevel0                   functab      0000
intlevel1                   functab      0000
intlevel2                   functab      0000
intlevel3                   functab      0000
intlevel4                   functab      0000
intlevel5                   functab      0000
reset_vec                   reset_vec    0000
saved_w                     (abs)        007E
start                       init         000A
start_initialization        cinit        000B
switch_state@new_state      cstackCOMMON 0075
wtemp0                      (abs)        007E


FUNCTION INFORMATION:

 *************** function _main *****************
 Defined at:
		line 139 in file "main.c"
 Parameters:    Size  Location     Type
		None
 Auto vars:     Size  Location     Type
  sequence_len    2    0        int 
 Return value:  Size  Location     Type
                  1    wreg      void 
 Registers used:
		wreg, fsr0l, fsr0h, status,2, status,0, pclath, cstack
 Tracked objects:
		On entry : 
		On exit  : 
		Unchanged: 
 Data sizes:     COMMON   BANK0   BANK1   BANK2
      Params:         0       0       0       0
      Locals:         0       2       0       0
      Temps:          0       0       3       0
      Totals:         0       2       3       0
Total ram usage:        5 bytes
 Hardware stack levels required when called:    3
 This function calls:
		_initialize_hw
		_switch_state
 This function is called by:
		Startup code after reset
 This function uses a non-reentrant model


 *************** function _switch_state *****************
 Defined at:
		line 102 in file "main.c"
 Parameters:    Size  Location     Type
  new_state       1    wreg     unsigned char 
 Auto vars:     Size  Location     Type
  new_state       1    5[COMMON] unsigned char 
 Return value:  Size  Location     Type
                  1    wreg      void 
 Registers used:
		wreg, status,2
 Tracked objects:
		On entry : 
		On exit  : 
		Unchanged: 
 Data sizes:     COMMON   BANK0   BANK1   BANK2
      Params:         0       0       0       0
      Locals:         1       0       0       0
      Temps:          1       0       0       0
      Totals:         2       0       0       0
Total ram usage:        2 bytes
 Hardware stack levels used:    1
 Hardware stack levels required when called:    2
 This function calls:
		Nothing
 This function is called by:
		_main
 This function uses a non-reentrant model


 *************** function _initialize_hw *****************
 Defined at:
		line 119 in file "main.c"
 Parameters:    Size  Location     Type
		None
 Auto vars:     Size  Location     Type
		None
 Return value:  Size  Location     Type
                  1    wreg      void 
 Registers used:
		wreg, status,2
 Tracked objects:
		On entry : 
		On exit  : 
		Unchanged: 
 Data sizes:     COMMON   BANK0   BANK1   BANK2
      Params:         0       0       0       0
      Locals:         0       0       0       0
      Temps:          0       0       0       0
      Totals:         0       0       0       0
Total ram usage:        0 bytes
 Hardware stack levels used:    1
 Hardware stack levels required when called:    2
 This function calls:
		Nothing
 This function is called by:
		_main
 This function uses a non-reentrant model


 *************** function _interrupt_handler *****************
 Defined at:
		line 108 in file "main.c"
 Parameters:    Size  Location     Type
		None
 Auto vars:     Size  Location     Type
		None
 Return value:  Size  Location     Type
                  1    wreg      void 
 Registers used:
		wreg, status,2, status,0, pclath, cstack
 Tracked objects:
		On entry : 
		On exit  : 
		Unchanged: 
 Data sizes:     COMMON   BANK0   BANK1   BANK2
      Params:         0       0       0       0
      Locals:         0       0       0       0
      Temps:          2       0       0       0
      Totals:         2       0       0       0
Total ram usage:        2 bytes
 Hardware stack levels used:    1
 Hardware stack levels required when called:    1
 This function calls:
		i1_switch_state
 This function is called by:
		Interrupt level 1
 This function uses a non-reentrant model


 *************** function i1_switch_state *****************
 Defined at:
		line 102 in file "main.c"
 Parameters:    Size  Location     Type
  new_state       1    wreg     unsigned char 
 Auto vars:     Size  Location     Type
  new_state       1    1[COMMON] unsigned char 
 Return value:  Size  Location     Type
                  1    wreg      void 
 Registers used:
		wreg, status,2
 Tracked objects:
		On entry : 
		On exit  : 
		Unchanged: 
 Data sizes:     COMMON   BANK0   BANK1   BANK2
      Params:         0       0       0       0
      Locals:         1       0       0       0
      Temps:          1       0       0       0
      Totals:         2       0       0       0
Total ram usage:        2 bytes
 Hardware stack levels used:    1
 This function calls:
		Nothing
 This function is called by:
		_interrupt_handler
 This function uses a non-reentrant model



MODULE INFORMATION

Module		Function		Class		Link	Load	Size
shared
		i1_switch_state		CODE           	0235	0000	12
		__initialization		CODE           	000B	0000	34

shared estimated size: 46

main.c
		_main          		CODE           	002F	0000	271
		_switch_state  		CODE           	0229	0000	12
		_interrupt_handler		CODE           	01EA	0000	25
		_initialize_hw 		CODE           	0203	0000	23

main.c estimated size: 331

